EN ind_fisica NULL "C:/Documents and Settings/CARLOS/Desktop/ESCUELA/SEPTIMO SEMESTRE/ARQUITECTURA DE COMPUTADORAS/ALGORITMO_MULTIPLICACION/UCC/SECUENCIADOR_CARTA_ASM/IND_FISICA.vhd" sub00/vhpl02 1351526359
EN secuenciador NULL "C:/Documents and Settings/CARLOS/Desktop/ESCUELA/SEPTIMO SEMESTRE/ARQUITECTURA DE COMPUTADORAS/ALGORITMO_MULTIPLICACION/UCC/SECUENCIADOR_CARTA_ASM/Secuenciador.vhd" sub00/vhpl20 1351526379
MO TRANSEIVER NULL "C:\Documents and Settings\CARLOS\Desktop\ESCUELA\SEPTIMO SEMESTRE\ARQUITECTURA DE COMPUTADORAS\ALGORITMO_MULTIPLICACION\UCC\SECUENCIADOR_CARTA_ASM/TRANSEIVER.v" vlg3B/_t_r_a_n_s_e_i_v_e_r.bin 1351526350
MO SIM_V40 NULL "C:\Documents and Settings\CARLOS\Desktop\ESCUELA\SEPTIMO SEMESTRE\ARQUITECTURA DE COMPUTADORAS\ALGORITMO_MULTIPLICACION\UCC\SECUENCIADOR_CARTA_ASM/SIM_V40.tfw" vlg02/_s_i_m___v40.bin 1351275703
MO SIM_V41 NULL "C:\Documents and Settings\CARLOS\Desktop\ESCUELA\SEPTIMO SEMESTRE\ARQUITECTURA DE COMPUTADORAS\ALGORITMO_MULTIPLICACION\UCC\SECUENCIADOR_CARTA_ASM/SIM_V41.tfw" vlg03/_s_i_m___v41.bin 1351276733
MO SIM_V42 NULL "C:\Documents and Settings\CARLOS\Desktop\ESCUELA\SEPTIMO SEMESTRE\ARQUITECTURA DE COMPUTADORAS\ALGORITMO_MULTIPLICACION\UCC\SECUENCIADOR_CARTA_ASM/SIM_V42.tfw" vlg04/_s_i_m___v42.bin 1351277037
MO SIM_V43 NULL "C:\Documents and Settings\CARLOS\Desktop\ESCUELA\SEPTIMO SEMESTRE\ARQUITECTURA DE COMPUTADORAS\ALGORITMO_MULTIPLICACION\UCC\SECUENCIADOR_CARTA_ASM/SIM_V43.tfw" vlg05/_s_i_m___v43.bin 1351278816
AR alu behavioral "C:/Documents and Settings/CARLOS/Desktop/ESCUELA/SEPTIMO SEMESTRE/ARQUITECTURA DE COMPUTADORAS/ALGORITMO_MULTIPLICACION/UCC/SECUENCIADOR_CARTA_ASM/ALU.vhd" sub00/vhpl05 1351526362
MO SIM_V44 NULL "C:\Documents and Settings\CARLOS\Desktop\ESCUELA\SEPTIMO SEMESTRE\ARQUITECTURA DE COMPUTADORAS\ALGORITMO_MULTIPLICACION\UCC\SECUENCIADOR_CARTA_ASM/SIM_V44.tfw" vlg06/_s_i_m___v44.bin 1351285611
MO SIM_V50 NULL "C:\Documents and Settings\CARLOS\Desktop\ESCUELA\SEPTIMO SEMESTRE\ARQUITECTURA DE COMPUTADORAS\ALGORITMO_MULTIPLICACION\UCC\SECUENCIADOR_CARTA_ASM/SIM_V50.tfw" vlg07/_s_i_m___v50.bin 1351526353
AR ind_fisica behavioral "C:/Documents and Settings/CARLOS/Desktop/ESCUELA/SEPTIMO SEMESTRE/ARQUITECTURA DE COMPUTADORAS/ALGORITMO_MULTIPLICACION/UCC/SECUENCIADOR_CARTA_ASM/IND_FISICA.vhd" sub00/vhpl03 1351526360
MO SIM_V51 NULL "C:\Documents and Settings\CARLOS\Desktop\ESCUELA\SEPTIMO SEMESTRE\ARQUITECTURA DE COMPUTADORAS\ALGORITMO_MULTIPLICACION\UCC\SECUENCIADOR_CARTA_ASM/SIM_V51.tfw" vlg08/_s_i_m___v51.bin 1351526542
AR upa_in behavioral "C:/Documents and Settings/CARLOS/Desktop/ESCUELA/SEPTIMO SEMESTRE/ARQUITECTURA DE COMPUTADORAS/ALGORITMO_MULTIPLICACION/UCC/SECUENCIADOR_CARTA_ASM/UPA_IN.vhd" sub00/vhpl11 1351526370
MO ArquitecturaCompuesta NULL "C:\Documents and Settings\CARLOS\Desktop\ESCUELA\SEPTIMO SEMESTRE\ARQUITECTURA DE COMPUTADORAS\ALGORITMO_MULTIPLICACION\UCC\SECUENCIADOR_CARTA_ASM/ArquitecturaCompuesta.vf" vlg23/_arquitectura_compuesta.bin 1351526351
EN upa_out NULL "C:/Documents and Settings/CARLOS/Desktop/ESCUELA/SEPTIMO SEMESTRE/ARQUITECTURA DE COMPUTADORAS/ALGORITMO_MULTIPLICACION/UCC/SECUENCIADOR_CARTA_ASM/UPA_OUT.vhd" sub00/vhpl12 1351526371
AR acc behavioral "C:/Documents and Settings/CARLOS/Desktop/ESCUELA/SEPTIMO SEMESTRE/ARQUITECTURA DE COMPUTADORAS/ALGORITMO_MULTIPLICACION/UCC/SECUENCIADOR_CARTA_ASM/ACC.vhd" sub00/vhpl01 1351526358
MO UPA NULL "C:\Documents and Settings\CARLOS\Desktop\ESCUELA\SEPTIMO SEMESTRE\ARQUITECTURA DE COMPUTADORAS\ALGORITMO_MULTIPLICACION\UCC\SECUENCIADOR_CARTA_ASM/UPA.vf" vlg1E/_u_p_a.bin 1351526351
MO REG_3ER_ESTADO NULL "C:\Documents and Settings\CARLOS\Desktop\ESCUELA\SEPTIMO SEMESTRE\ARQUITECTURA DE COMPUTADORAS\ALGORITMO_MULTIPLICACION\UCC\SECUENCIADOR_CARTA_ASM/REG_3ER_ESTADO.v" vlg32/_r_e_g__3_e_r___e_s_t_a_d_o.bin 1351526348
MO UCC_TRANS NULL "C:\Documents and Settings\CARLOS\Desktop\ESCUELA\SEPTIMO SEMESTRE\ARQUITECTURA DE COMPUTADORAS\ALGORITMO_MULTIPLICACION\UCC\SECUENCIADOR_CARTA_ASM/UCC_TRANS.vf" vlg52/_u_c_c___t_r_a_n_s.bin 1351526352
AR secuenciador behavioral "C:/Documents and Settings/CARLOS/Desktop/ESCUELA/SEPTIMO SEMESTRE/ARQUITECTURA DE COMPUTADORAS/ALGORITMO_MULTIPLICACION/UCC/SECUENCIADOR_CARTA_ASM/Secuenciador.vhd" sub00/vhpl21 1351526380
EN mux_4_1 NULL "C:/Documents and Settings/CARLOS/Desktop/ESCUELA/SEPTIMO SEMESTRE/ARQUITECTURA DE COMPUTADORAS/ALGORITMO_MULTIPLICACION/UCC/SECUENCIADOR_CARTA_ASM/MUX_4_1.vhd" sub00/vhpl16 1351526375
EN logica NULL "C:/Documents and Settings/CARLOS/Desktop/ESCUELA/SEPTIMO SEMESTRE/ARQUITECTURA DE COMPUTADORAS/ALGORITMO_MULTIPLICACION/UCC/SECUENCIADOR_CARTA_ASM/Logica.vhd" sub00/vhpl14 1351526373
EN upa_in NULL "C:/Documents and Settings/CARLOS/Desktop/ESCUELA/SEPTIMO SEMESTRE/ARQUITECTURA DE COMPUTADORAS/ALGORITMO_MULTIPLICACION/UCC/SECUENCIADOR_CARTA_ASM/UPA_IN.vhd" sub00/vhpl10 1351526369
AR logica behavioral "C:/Documents and Settings/CARLOS/Desktop/ESCUELA/SEPTIMO SEMESTRE/ARQUITECTURA DE COMPUTADORAS/ALGORITMO_MULTIPLICACION/UCC/SECUENCIADOR_CARTA_ASM/Logica.vhd" sub00/vhpl15 1351526374
AR reg_flags behavioral "C:/Documents and Settings/CARLOS/Desktop/ESCUELA/SEPTIMO SEMESTRE/ARQUITECTURA DE COMPUTADORAS/ALGORITMO_MULTIPLICACION/UCC/SECUENCIADOR_CARTA_ASM/REG_FLAGS.vhd" sub00/vhpl09 1351526368
AR memoria behavioral "C:/Documents and Settings/CARLOS/Desktop/ESCUELA/SEPTIMO SEMESTRE/ARQUITECTURA DE COMPUTADORAS/ALGORITMO_MULTIPLICACION/UCC/SECUENCIADOR_CARTA_ASM/Memoria.vhd" sub00/vhpl19 1351526378
EN acc NULL "C:/Documents and Settings/CARLOS/Desktop/ESCUELA/SEPTIMO SEMESTRE/ARQUITECTURA DE COMPUTADORAS/ALGORITMO_MULTIPLICACION/UCC/SECUENCIADOR_CARTA_ASM/ACC.vhd" sub00/vhpl00 1351526357
EN contador_1s NULL "C:/Documents and Settings/CARLOS/Desktop/ESCUELA/SEPTIMO SEMESTRE/ARQUITECTURA DE COMPUTADORAS/ALGORITMO_MULTIPLICACION/UCC/SECUENCIADOR_CARTA_ASM/CONTADOR_1S.vhd" sub00/vhpl22 1351526365
EN memoria NULL "C:/Documents and Settings/CARLOS/Desktop/ESCUELA/SEPTIMO SEMESTRE/ARQUITECTURA DE COMPUTADORAS/ALGORITMO_MULTIPLICACION/UCC/SECUENCIADOR_CARTA_ASM/Memoria.vhd" sub00/vhpl18 1351526377
AR contador_1s behavioral "C:/Documents and Settings/CARLOS/Desktop/ESCUELA/SEPTIMO SEMESTRE/ARQUITECTURA DE COMPUTADORAS/ALGORITMO_MULTIPLICACION/UCC/SECUENCIADOR_CARTA_ASM/CONTADOR_1S.vhd" sub00/vhpl23 1351526366
MO MULTIPLICACION NULL "C:\Documents and Settings\CARLOS\Desktop\ESCUELA\SEPTIMO SEMESTRE\ARQUITECTURA DE COMPUTADORAS\ALGORITMO_MULTIPLICACION\UCC\SECUENCIADOR_CARTA_ASM/MULTIPLICACION.vf" vlg51/_m_u_l_t_i_p_l_i_c_a_c_i_o_n.bin 1351526352
MO glbl NULL C:/Xilinx/verilog/src/glbl.v vlg2D/glbl.bin 1351526355
AR upa_out behavioral "C:/Documents and Settings/CARLOS/Desktop/ESCUELA/SEPTIMO SEMESTRE/ARQUITECTURA DE COMPUTADORAS/ALGORITMO_MULTIPLICACION/UCC/SECUENCIADOR_CARTA_ASM/UPA_OUT.vhd" sub00/vhpl13 1351526372
EN contador NULL "C:/Documents and Settings/CARLOS/Desktop/ESCUELA/SEPTIMO SEMESTRE/ARQUITECTURA DE COMPUTADORAS/ALGORITMO_MULTIPLICACION/UCC/SECUENCIADOR_CARTA_ASM/CONTADOR.vhd" sub00/vhpl06 1351526363
AR mux_4_1 behavioral "C:/Documents and Settings/CARLOS/Desktop/ESCUELA/SEPTIMO SEMESTRE/ARQUITECTURA DE COMPUTADORAS/ALGORITMO_MULTIPLICACION/UCC/SECUENCIADOR_CARTA_ASM/MUX_4_1.vhd" sub00/vhpl17 1351526376
AR contador behavioral "C:/Documents and Settings/CARLOS/Desktop/ESCUELA/SEPTIMO SEMESTRE/ARQUITECTURA DE COMPUTADORAS/ALGORITMO_MULTIPLICACION/UCC/SECUENCIADOR_CARTA_ASM/CONTADOR.vhd" sub00/vhpl07 1351526364
EN reg_flags NULL "C:/Documents and Settings/CARLOS/Desktop/ESCUELA/SEPTIMO SEMESTRE/ARQUITECTURA DE COMPUTADORAS/ALGORITMO_MULTIPLICACION/UCC/SECUENCIADOR_CARTA_ASM/REG_FLAGS.vhd" sub00/vhpl08 1351526367
EN alu NULL "C:/Documents and Settings/CARLOS/Desktop/ESCUELA/SEPTIMO SEMESTRE/ARQUITECTURA DE COMPUTADORAS/ALGORITMO_MULTIPLICACION/UCC/SECUENCIADOR_CARTA_ASM/ALU.vhd" sub00/vhpl04 1351526361
