EN ind_fisica NULL "C:/Documents and Settings/CARLOS/Desktop/ESCUELA/SEPTIMO SEMESTRE/ARQUITECTURA DE COMPUTADORAS/ALGORITMO_MULTIPLICACION/UCC/SECUENCIADOR_CARTA_ASM/IND_FISICA.vhd" sub00/vhpl02 1351299000
EN secuenciador NULL "C:/Documents and Settings/CARLOS/Desktop/ESCUELA/SEPTIMO SEMESTRE/ARQUITECTURA DE COMPUTADORAS/ALGORITMO_MULTIPLICACION/UCC/SECUENCIADOR_CARTA_ASM/Secuenciador.vhd" sub00/vhpl20 1351299020
MO TRANSEIVER NULL TRANSEIVER.v vlg3B/_t_r_a_n_s_e_i_v_e_r.bin 1351298998
AR alu behavioral "C:/Documents and Settings/CARLOS/Desktop/ESCUELA/SEPTIMO SEMESTRE/ARQUITECTURA DE COMPUTADORAS/ALGORITMO_MULTIPLICACION/UCC/SECUENCIADOR_CARTA_ASM/ALU.vhd" sub00/vhpl05 1351299003
AR ind_fisica behavioral "C:/Documents and Settings/CARLOS/Desktop/ESCUELA/SEPTIMO SEMESTRE/ARQUITECTURA DE COMPUTADORAS/ALGORITMO_MULTIPLICACION/UCC/SECUENCIADOR_CARTA_ASM/IND_FISICA.vhd" sub00/vhpl03 1351299001
AR upa_in behavioral "C:/Documents and Settings/CARLOS/Desktop/ESCUELA/SEPTIMO SEMESTRE/ARQUITECTURA DE COMPUTADORAS/ALGORITMO_MULTIPLICACION/UCC/SECUENCIADOR_CARTA_ASM/UPA_IN.vhd" sub00/vhpl11 1351299011
MO ArquitecturaCompuesta NULL ArquitecturaCompuesta.vf vlg23/_arquitectura_compuesta.bin 1351298998
EN upa_out NULL "C:/Documents and Settings/CARLOS/Desktop/ESCUELA/SEPTIMO SEMESTRE/ARQUITECTURA DE COMPUTADORAS/ALGORITMO_MULTIPLICACION/UCC/SECUENCIADOR_CARTA_ASM/UPA_OUT.vhd" sub00/vhpl12 1351299012
AR acc behavioral "C:/Documents and Settings/CARLOS/Desktop/ESCUELA/SEPTIMO SEMESTRE/ARQUITECTURA DE COMPUTADORAS/ALGORITMO_MULTIPLICACION/UCC/SECUENCIADOR_CARTA_ASM/ACC.vhd" sub00/vhpl01 1351298999
MO UPA NULL UPA.vf vlg1E/_u_p_a.bin 1351298998
MO REG_3ER_ESTADO NULL REG_3ER_ESTADO.v vlg32/_r_e_g__3_e_r___e_s_t_a_d_o.bin 1351298998
MO UCC_TRANS NULL UCC_TRANS.vf vlg52/_u_c_c___t_r_a_n_s.bin 1351298998
AR secuenciador behavioral "C:/Documents and Settings/CARLOS/Desktop/ESCUELA/SEPTIMO SEMESTRE/ARQUITECTURA DE COMPUTADORAS/ALGORITMO_MULTIPLICACION/UCC/SECUENCIADOR_CARTA_ASM/Secuenciador.vhd" sub00/vhpl21 1351299021
EN mux_4_1 NULL "C:/Documents and Settings/CARLOS/Desktop/ESCUELA/SEPTIMO SEMESTRE/ARQUITECTURA DE COMPUTADORAS/ALGORITMO_MULTIPLICACION/UCC/SECUENCIADOR_CARTA_ASM/MUX_4_1.vhd" sub00/vhpl16 1351299016
EN logica NULL "C:/Documents and Settings/CARLOS/Desktop/ESCUELA/SEPTIMO SEMESTRE/ARQUITECTURA DE COMPUTADORAS/ALGORITMO_MULTIPLICACION/UCC/SECUENCIADOR_CARTA_ASM/Logica.vhd" sub00/vhpl14 1351299014
EN upa_in NULL "C:/Documents and Settings/CARLOS/Desktop/ESCUELA/SEPTIMO SEMESTRE/ARQUITECTURA DE COMPUTADORAS/ALGORITMO_MULTIPLICACION/UCC/SECUENCIADOR_CARTA_ASM/UPA_IN.vhd" sub00/vhpl10 1351299010
AR reg_flags behavioral "C:/Documents and Settings/CARLOS/Desktop/ESCUELA/SEPTIMO SEMESTRE/ARQUITECTURA DE COMPUTADORAS/ALGORITMO_MULTIPLICACION/UCC/SECUENCIADOR_CARTA_ASM/REG_FLAGS.vhd" sub00/vhpl09 1351299009
AR logica behavioral "C:/Documents and Settings/CARLOS/Desktop/ESCUELA/SEPTIMO SEMESTRE/ARQUITECTURA DE COMPUTADORAS/ALGORITMO_MULTIPLICACION/UCC/SECUENCIADOR_CARTA_ASM/Logica.vhd" sub00/vhpl15 1351299015
AR memoria behavioral "C:/Documents and Settings/CARLOS/Desktop/ESCUELA/SEPTIMO SEMESTRE/ARQUITECTURA DE COMPUTADORAS/ALGORITMO_MULTIPLICACION/UCC/SECUENCIADOR_CARTA_ASM/Memoria.vhd" sub00/vhpl19 1351299019
EN acc NULL "C:/Documents and Settings/CARLOS/Desktop/ESCUELA/SEPTIMO SEMESTRE/ARQUITECTURA DE COMPUTADORAS/ALGORITMO_MULTIPLICACION/UCC/SECUENCIADOR_CARTA_ASM/ACC.vhd" sub00/vhpl00 1351298998
EN contador_1s NULL "C:/Documents and Settings/CARLOS/Desktop/ESCUELA/SEPTIMO SEMESTRE/ARQUITECTURA DE COMPUTADORAS/ALGORITMO_MULTIPLICACION/UCC/SECUENCIADOR_CARTA_ASM/CONTADOR_1S.vhd" sub00/vhpl22 1351299006
EN memoria NULL "C:/Documents and Settings/CARLOS/Desktop/ESCUELA/SEPTIMO SEMESTRE/ARQUITECTURA DE COMPUTADORAS/ALGORITMO_MULTIPLICACION/UCC/SECUENCIADOR_CARTA_ASM/Memoria.vhd" sub00/vhpl18 1351299018
AR contador_1s behavioral "C:/Documents and Settings/CARLOS/Desktop/ESCUELA/SEPTIMO SEMESTRE/ARQUITECTURA DE COMPUTADORAS/ALGORITMO_MULTIPLICACION/UCC/SECUENCIADOR_CARTA_ASM/CONTADOR_1S.vhd" sub00/vhpl23 1351299007
MO MULTIPLICACION NULL MULTIPLICACION.vf vlg51/_m_u_l_t_i_p_l_i_c_a_c_i_o_n.bin 1351298998
AR upa_out behavioral "C:/Documents and Settings/CARLOS/Desktop/ESCUELA/SEPTIMO SEMESTRE/ARQUITECTURA DE COMPUTADORAS/ALGORITMO_MULTIPLICACION/UCC/SECUENCIADOR_CARTA_ASM/UPA_OUT.vhd" sub00/vhpl13 1351299013
EN contador NULL "C:/Documents and Settings/CARLOS/Desktop/ESCUELA/SEPTIMO SEMESTRE/ARQUITECTURA DE COMPUTADORAS/ALGORITMO_MULTIPLICACION/UCC/SECUENCIADOR_CARTA_ASM/CONTADOR.vhd" sub00/vhpl06 1351299004
AR mux_4_1 behavioral "C:/Documents and Settings/CARLOS/Desktop/ESCUELA/SEPTIMO SEMESTRE/ARQUITECTURA DE COMPUTADORAS/ALGORITMO_MULTIPLICACION/UCC/SECUENCIADOR_CARTA_ASM/MUX_4_1.vhd" sub00/vhpl17 1351299017
AR contador behavioral "C:/Documents and Settings/CARLOS/Desktop/ESCUELA/SEPTIMO SEMESTRE/ARQUITECTURA DE COMPUTADORAS/ALGORITMO_MULTIPLICACION/UCC/SECUENCIADOR_CARTA_ASM/CONTADOR.vhd" sub00/vhpl07 1351299005
EN reg_flags NULL "C:/Documents and Settings/CARLOS/Desktop/ESCUELA/SEPTIMO SEMESTRE/ARQUITECTURA DE COMPUTADORAS/ALGORITMO_MULTIPLICACION/UCC/SECUENCIADOR_CARTA_ASM/REG_FLAGS.vhd" sub00/vhpl08 1351299008
EN alu NULL "C:/Documents and Settings/CARLOS/Desktop/ESCUELA/SEPTIMO SEMESTRE/ARQUITECTURA DE COMPUTADORAS/ALGORITMO_MULTIPLICACION/UCC/SECUENCIADOR_CARTA_ASM/ALU.vhd" sub00/vhpl04 1351299002
