V3 36
FL "C:/Documents and Settings/CARLOS/Desktop/ESCUELA/SEPTIMO SEMESTRE/ARQUITECTURA DE COMPUTADORAS/ALGORITMO_MULTIPLICACION/UCC/SECUENCIADOR_CARTA_ASM/Secuenciador.vhd" 2012/10/20.09:18:16 I.31
EN work/Secuenciador 1351299020 \
      FL "C:/Documents and Settings/CARLOS/Desktop/ESCUELA/SEPTIMO SEMESTRE/ARQUITECTURA DE COMPUTADORAS/ALGORITMO_MULTIPLICACION/UCC/SECUENCIADOR_CARTA_ASM/Secuenciador.vhd" \
      PB ieee/std_logic_1164 1147274808 PB ieee/std_logic_arith 1147274810 \
      PB ieee/STD_LOGIC_UNSIGNED 1147274814
AR work/Secuenciador/Behavioral 1351299021 \
      FL "C:/Documents and Settings/CARLOS/Desktop/ESCUELA/SEPTIMO SEMESTRE/ARQUITECTURA DE COMPUTADORAS/ALGORITMO_MULTIPLICACION/UCC/SECUENCIADOR_CARTA_ASM/Secuenciador.vhd" \
      EN work/Secuenciador 1351299020
FL "C:/Documents and Settings/CARLOS/Desktop/ESCUELA/SEPTIMO SEMESTRE/ARQUITECTURA DE COMPUTADORAS/ALGORITMO_MULTIPLICACION/UCC/SECUENCIADOR_CARTA_ASM/ALU.vhd" 2012/10/26.14:49:22 I.31
EN work/ALU 1351299002 \
      FL "C:/Documents and Settings/CARLOS/Desktop/ESCUELA/SEPTIMO SEMESTRE/ARQUITECTURA DE COMPUTADORAS/ALGORITMO_MULTIPLICACION/UCC/SECUENCIADOR_CARTA_ASM/ALU.vhd" \
      PB ieee/std_logic_1164 1147274808 PB ieee/std_logic_arith 1147274810 \
      PB ieee/STD_LOGIC_UNSIGNED 1147274814
AR work/ALU/Behavioral 1351299003 \
      FL "C:/Documents and Settings/CARLOS/Desktop/ESCUELA/SEPTIMO SEMESTRE/ARQUITECTURA DE COMPUTADORAS/ALGORITMO_MULTIPLICACION/UCC/SECUENCIADOR_CARTA_ASM/ALU.vhd" \
      EN work/ALU 1351299002
FL "C:/Documents and Settings/CARLOS/Desktop/ESCUELA/SEPTIMO SEMESTRE/ARQUITECTURA DE COMPUTADORAS/ALGORITMO_MULTIPLICACION/UCC/SECUENCIADOR_CARTA_ASM/ACC.vhd" 2012/10/25.19:02:04 I.31
EN work/ACC 1351298998 \
      FL "C:/Documents and Settings/CARLOS/Desktop/ESCUELA/SEPTIMO SEMESTRE/ARQUITECTURA DE COMPUTADORAS/ALGORITMO_MULTIPLICACION/UCC/SECUENCIADOR_CARTA_ASM/ACC.vhd" \
      PB ieee/std_logic_1164 1147274808 PB ieee/std_logic_arith 1147274810 \
      PB ieee/STD_LOGIC_UNSIGNED 1147274814
AR work/ACC/Behavioral 1351298999 \
      FL "C:/Documents and Settings/CARLOS/Desktop/ESCUELA/SEPTIMO SEMESTRE/ARQUITECTURA DE COMPUTADORAS/ALGORITMO_MULTIPLICACION/UCC/SECUENCIADOR_CARTA_ASM/ACC.vhd" \
      EN work/ACC 1351298998
FL "C:/Documents and Settings/CARLOS/Desktop/ESCUELA/SEPTIMO SEMESTRE/ARQUITECTURA DE COMPUTADORAS/ALGORITMO_MULTIPLICACION/UCC/SECUENCIADOR_CARTA_ASM/CONTADOR.vhd" 2012/10/24.17:14:44 I.31
EN work/CONTADOR 1351299004 \
      FL "C:/Documents and Settings/CARLOS/Desktop/ESCUELA/SEPTIMO SEMESTRE/ARQUITECTURA DE COMPUTADORAS/ALGORITMO_MULTIPLICACION/UCC/SECUENCIADOR_CARTA_ASM/CONTADOR.vhd" \
      PB ieee/std_logic_1164 1147274808 PB ieee/std_logic_arith 1147274810 \
      PB ieee/STD_LOGIC_UNSIGNED 1147274814
AR work/CONTADOR/Behavioral 1351299005 \
      FL "C:/Documents and Settings/CARLOS/Desktop/ESCUELA/SEPTIMO SEMESTRE/ARQUITECTURA DE COMPUTADORAS/ALGORITMO_MULTIPLICACION/UCC/SECUENCIADOR_CARTA_ASM/CONTADOR.vhd" \
      EN work/CONTADOR 1351299004
FL "C:/Documents and Settings/CARLOS/Desktop/ESCUELA/SEPTIMO SEMESTRE/ARQUITECTURA DE COMPUTADORAS/ALGORITMO_MULTIPLICACION/UCC/SECUENCIADOR_CARTA_ASM/UPA_OUT.vhd" 2012/10/26.13:53:47 I.31
EN work/UPA_OUT 1351299012 \
      FL "C:/Documents and Settings/CARLOS/Desktop/ESCUELA/SEPTIMO SEMESTRE/ARQUITECTURA DE COMPUTADORAS/ALGORITMO_MULTIPLICACION/UCC/SECUENCIADOR_CARTA_ASM/UPA_OUT.vhd" \
      PB ieee/std_logic_1164 1147274808 PB ieee/std_logic_arith 1147274810 \
      PB ieee/STD_LOGIC_UNSIGNED 1147274814
AR work/UPA_OUT/Behavioral 1351299013 \
      FL "C:/Documents and Settings/CARLOS/Desktop/ESCUELA/SEPTIMO SEMESTRE/ARQUITECTURA DE COMPUTADORAS/ALGORITMO_MULTIPLICACION/UCC/SECUENCIADOR_CARTA_ASM/UPA_OUT.vhd" \
      EN work/UPA_OUT 1351299012
FL "C:/Documents and Settings/CARLOS/Desktop/ESCUELA/SEPTIMO SEMESTRE/ARQUITECTURA DE COMPUTADORAS/ALGORITMO_MULTIPLICACION/UCC/SECUENCIADOR_CARTA_ASM/MUX_4_1.vhd" 2012/09/20.19:36:54 I.31
EN work/MUX_4_1 1351299016 \
      FL "C:/Documents and Settings/CARLOS/Desktop/ESCUELA/SEPTIMO SEMESTRE/ARQUITECTURA DE COMPUTADORAS/ALGORITMO_MULTIPLICACION/UCC/SECUENCIADOR_CARTA_ASM/MUX_4_1.vhd" \
      PB ieee/std_logic_1164 1147274808 PB ieee/std_logic_arith 1147274810 \
      PB ieee/STD_LOGIC_UNSIGNED 1147274814
AR work/MUX_4_1/Behavioral 1351299017 \
      FL "C:/Documents and Settings/CARLOS/Desktop/ESCUELA/SEPTIMO SEMESTRE/ARQUITECTURA DE COMPUTADORAS/ALGORITMO_MULTIPLICACION/UCC/SECUENCIADOR_CARTA_ASM/MUX_4_1.vhd" \
      EN work/MUX_4_1 1351299016
FL "C:/Documents and Settings/CARLOS/Desktop/ESCUELA/SEPTIMO SEMESTRE/ARQUITECTURA DE COMPUTADORAS/ALGORITMO_MULTIPLICACION/UCC/SECUENCIADOR_CARTA_ASM/REG_FLAGS.vhd" 2012/10/20.08:33:40 I.31
EN work/REG_FLAGS 1351299008 \
      FL "C:/Documents and Settings/CARLOS/Desktop/ESCUELA/SEPTIMO SEMESTRE/ARQUITECTURA DE COMPUTADORAS/ALGORITMO_MULTIPLICACION/UCC/SECUENCIADOR_CARTA_ASM/REG_FLAGS.vhd" \
      PB ieee/std_logic_1164 1147274808 PB ieee/std_logic_arith 1147274810 \
      PB ieee/STD_LOGIC_UNSIGNED 1147274814
AR work/REG_FLAGS/Behavioral 1351299009 \
      FL "C:/Documents and Settings/CARLOS/Desktop/ESCUELA/SEPTIMO SEMESTRE/ARQUITECTURA DE COMPUTADORAS/ALGORITMO_MULTIPLICACION/UCC/SECUENCIADOR_CARTA_ASM/REG_FLAGS.vhd" \
      EN work/REG_FLAGS 1351299008
FL "C:/Documents and Settings/CARLOS/Desktop/ESCUELA/SEPTIMO SEMESTRE/ARQUITECTURA DE COMPUTADORAS/ALGORITMO_MULTIPLICACION/UCC/SECUENCIADOR_CARTA_ASM/Logica.vhd" 2012/09/20.19:29:12 I.31
EN work/Logica 1351299014 \
      FL "C:/Documents and Settings/CARLOS/Desktop/ESCUELA/SEPTIMO SEMESTRE/ARQUITECTURA DE COMPUTADORAS/ALGORITMO_MULTIPLICACION/UCC/SECUENCIADOR_CARTA_ASM/Logica.vhd" \
      PB ieee/std_logic_1164 1147274808 PB ieee/std_logic_arith 1147274810 \
      PB ieee/STD_LOGIC_UNSIGNED 1147274814
AR work/Logica/Behavioral 1351299015 \
      FL "C:/Documents and Settings/CARLOS/Desktop/ESCUELA/SEPTIMO SEMESTRE/ARQUITECTURA DE COMPUTADORAS/ALGORITMO_MULTIPLICACION/UCC/SECUENCIADOR_CARTA_ASM/Logica.vhd" \
      EN work/Logica 1351299014
FL "C:/Documents and Settings/CARLOS/Desktop/ESCUELA/SEPTIMO SEMESTRE/ARQUITECTURA DE COMPUTADORAS/ALGORITMO_MULTIPLICACION/UCC/SECUENCIADOR_CARTA_ASM/CONTADOR_1S.vhd" 2012/10/26.15:09:48 I.31
EN work/CONTADOR_1S 1351299006 \
      FL "C:/Documents and Settings/CARLOS/Desktop/ESCUELA/SEPTIMO SEMESTRE/ARQUITECTURA DE COMPUTADORAS/ALGORITMO_MULTIPLICACION/UCC/SECUENCIADOR_CARTA_ASM/CONTADOR_1S.vhd" \
      PB ieee/std_logic_1164 1147274808 PB ieee/std_logic_arith 1147274810 \
      PB ieee/STD_LOGIC_UNSIGNED 1147274814
AR work/CONTADOR_1S/Behavioral 1351299007 \
      FL "C:/Documents and Settings/CARLOS/Desktop/ESCUELA/SEPTIMO SEMESTRE/ARQUITECTURA DE COMPUTADORAS/ALGORITMO_MULTIPLICACION/UCC/SECUENCIADOR_CARTA_ASM/CONTADOR_1S.vhd" \
      EN work/CONTADOR_1S 1351299006
FL "C:/Documents and Settings/CARLOS/Desktop/ESCUELA/SEPTIMO SEMESTRE/ARQUITECTURA DE COMPUTADORAS/ALGORITMO_MULTIPLICACION/UCC/SECUENCIADOR_CARTA_ASM/IND_FISICA.vhd" 2012/10/24.20:29:54 I.31
EN work/IND_FISICA 1351299000 \
      FL "C:/Documents and Settings/CARLOS/Desktop/ESCUELA/SEPTIMO SEMESTRE/ARQUITECTURA DE COMPUTADORAS/ALGORITMO_MULTIPLICACION/UCC/SECUENCIADOR_CARTA_ASM/IND_FISICA.vhd" \
      PB ieee/std_logic_1164 1147274808 PB ieee/std_logic_arith 1147274810 \
      PB ieee/STD_LOGIC_UNSIGNED 1147274814
AR work/IND_FISICA/Behavioral 1351299001 \
      FL "C:/Documents and Settings/CARLOS/Desktop/ESCUELA/SEPTIMO SEMESTRE/ARQUITECTURA DE COMPUTADORAS/ALGORITMO_MULTIPLICACION/UCC/SECUENCIADOR_CARTA_ASM/IND_FISICA.vhd" \
      EN work/IND_FISICA 1351299000
FL "C:/Documents and Settings/CARLOS/Desktop/ESCUELA/SEPTIMO SEMESTRE/ARQUITECTURA DE COMPUTADORAS/ALGORITMO_MULTIPLICACION/UCC/SECUENCIADOR_CARTA_ASM/Memoria.vhd" 2012/10/26.14:42:45 I.31
EN work/Memoria 1351299018 \
      FL "C:/Documents and Settings/CARLOS/Desktop/ESCUELA/SEPTIMO SEMESTRE/ARQUITECTURA DE COMPUTADORAS/ALGORITMO_MULTIPLICACION/UCC/SECUENCIADOR_CARTA_ASM/Memoria.vhd" \
      PB ieee/std_logic_1164 1147274808 PB ieee/std_logic_arith 1147274810 \
      PB ieee/STD_LOGIC_UNSIGNED 1147274814
AR work/Memoria/Behavioral 1351299019 \
      FL "C:/Documents and Settings/CARLOS/Desktop/ESCUELA/SEPTIMO SEMESTRE/ARQUITECTURA DE COMPUTADORAS/ALGORITMO_MULTIPLICACION/UCC/SECUENCIADOR_CARTA_ASM/Memoria.vhd" \
      EN work/Memoria 1351299018
FL "C:/Documents and Settings/CARLOS/Desktop/ESCUELA/SEPTIMO SEMESTRE/ARQUITECTURA DE COMPUTADORAS/ALGORITMO_MULTIPLICACION/UCC/SECUENCIADOR_CARTA_ASM/UPA_IN.vhd" 2012/10/25.22:28:36 I.31
EN work/UPA_IN 1351299010 \
      FL "C:/Documents and Settings/CARLOS/Desktop/ESCUELA/SEPTIMO SEMESTRE/ARQUITECTURA DE COMPUTADORAS/ALGORITMO_MULTIPLICACION/UCC/SECUENCIADOR_CARTA_ASM/UPA_IN.vhd" \
      PB ieee/std_logic_1164 1147274808 PB ieee/std_logic_arith 1147274810 \
      PB ieee/STD_LOGIC_UNSIGNED 1147274814
AR work/UPA_IN/Behavioral 1351299011 \
      FL "C:/Documents and Settings/CARLOS/Desktop/ESCUELA/SEPTIMO SEMESTRE/ARQUITECTURA DE COMPUTADORAS/ALGORITMO_MULTIPLICACION/UCC/SECUENCIADOR_CARTA_ASM/UPA_IN.vhd" \
      EN work/UPA_IN 1351299010
